[0.066s] DEBUG:colcon:Command line arguments: ['/usr/bin/colcon', 'build', '--packages-select', 'tracker']
[0.066s] DEBUG:colcon:Parsed command line arguments: Namespace(log_base=None, log_level=None, verb_name='build', build_base='build', install_base='install', merge_install=False, symlink_install=False, test_result_base=None, continue_on_error=False, executor='parallel', parallel_workers=16, event_handlers=None, ignore_user_meta=False, metas=['./colcon.meta'], base_paths=['.'], packages_ignore=None, packages_ignore_regex=None, paths=None, packages_up_to=None, packages_up_to_regex=None, packages_above=None, packages_above_and_dependencies=None, packages_above_depth=None, packages_select_by_dep=None, packages_skip_by_dep=None, packages_skip_up_to=None, packages_select_build_failed=False, packages_skip_build_finished=False, packages_select_test_failures=False, packages_skip_test_passed=False, packages_select=['tracker'], packages_skip=None, packages_select_regex=None, packages_skip_regex=None, packages_start=None, packages_end=None, allow_overriding=[], cmake_args=None, cmake_target=None, cmake_target_skip_unavailable=False, cmake_clean_cache=False, cmake_clean_first=False, cmake_force_configure=False, ament_cmake_args=None, catkin_cmake_args=None, catkin_skip_building_tests=False, verb_parser=<colcon_defaults.argument_parser.defaults.DefaultArgumentsDecorator object at 0x7da25d8c8640>, verb_extension=<colcon_core.verb.build.BuildVerb object at 0x7da25d8c81c0>, main=<bound method BuildVerb.main of <colcon_core.verb.build.BuildVerb object at 0x7da25d8c81c0>>)
[0.158s] Level 1:colcon.colcon_core.package_discovery:discover_packages(colcon_meta) check parameters
[0.158s] Level 1:colcon.colcon_core.package_discovery:discover_packages(recursive) check parameters
[0.158s] Level 1:colcon.colcon_core.package_discovery:discover_packages(ignore) check parameters
[0.158s] Level 1:colcon.colcon_core.package_discovery:discover_packages(path) check parameters
[0.158s] Level 1:colcon.colcon_core.package_discovery:discover_packages(colcon_meta) discover
[0.158s] Level 1:colcon.colcon_core.package_discovery:discover_packages(recursive) discover
[0.158s] INFO:colcon.colcon_core.package_discovery:Crawling recursively for packages in '/home/samurai/Workspaces/27-vision-dev'
[0.158s] Level 1:colcon.colcon_core.package_identification:_identify(.) by extensions ['ignore', 'ignore_ament_install']
[0.158s] Level 1:colcon.colcon_core.package_identification:_identify(.) by extension 'ignore'
[0.158s] Level 1:colcon.colcon_core.package_identification:_identify(.) by extension 'ignore_ament_install'
[0.158s] Level 1:colcon.colcon_core.package_identification:_identify(.) by extensions ['colcon_pkg']
[0.158s] Level 1:colcon.colcon_core.package_identification:_identify(.) by extension 'colcon_pkg'
[0.158s] Level 1:colcon.colcon_core.package_identification:_identify(.) by extensions ['colcon_meta']
[0.158s] Level 1:colcon.colcon_core.package_identification:_identify(.) by extension 'colcon_meta'
[0.158s] Level 1:colcon.colcon_core.package_identification:_identify(.) by extensions ['ros']
[0.158s] Level 1:colcon.colcon_core.package_identification:_identify(.) by extension 'ros'
[0.166s] Level 1:colcon.colcon_core.package_identification:_identify(.) by extensions ['cmake', 'python']
[0.166s] Level 1:colcon.colcon_core.package_identification:_identify(.) by extension 'cmake'
[0.166s] Level 1:colcon.colcon_core.package_identification:_identify(.) by extension 'python'
[0.166s] Level 1:colcon.colcon_core.package_identification:_identify(.) by extensions ['python_setup_py']
[0.166s] Level 1:colcon.colcon_core.package_identification:_identify(.) by extension 'python_setup_py'
[0.166s] Level 1:colcon.colcon_core.package_identification:_identify(build) by extensions ['ignore', 'ignore_ament_install']
[0.166s] Level 1:colcon.colcon_core.package_identification:_identify(build) by extension 'ignore'
[0.166s] Level 1:colcon.colcon_core.package_identification:_identify(build) ignored
[0.166s] Level 1:colcon.colcon_core.package_identification:_identify(docs) by extensions ['ignore', 'ignore_ament_install']
[0.166s] Level 1:colcon.colcon_core.package_identification:_identify(docs) by extension 'ignore'
[0.166s] Level 1:colcon.colcon_core.package_identification:_identify(docs) by extension 'ignore_ament_install'
[0.166s] Level 1:colcon.colcon_core.package_identification:_identify(docs) by extensions ['colcon_pkg']
[0.166s] Level 1:colcon.colcon_core.package_identification:_identify(docs) by extension 'colcon_pkg'
[0.166s] Level 1:colcon.colcon_core.package_identification:_identify(docs) by extensions ['colcon_meta']
[0.166s] Level 1:colcon.colcon_core.package_identification:_identify(docs) by extension 'colcon_meta'
[0.166s] Level 1:colcon.colcon_core.package_identification:_identify(docs) by extensions ['ros']
[0.166s] Level 1:colcon.colcon_core.package_identification:_identify(docs) by extension 'ros'
[0.166s] Level 1:colcon.colcon_core.package_identification:_identify(docs) by extensions ['cmake', 'python']
[0.166s] Level 1:colcon.colcon_core.package_identification:_identify(docs) by extension 'cmake'
[0.166s] Level 1:colcon.colcon_core.package_identification:_identify(docs) by extension 'python'
[0.166s] Level 1:colcon.colcon_core.package_identification:_identify(docs) by extensions ['python_setup_py']
[0.166s] Level 1:colcon.colcon_core.package_identification:_identify(docs) by extension 'python_setup_py'
[0.167s] Level 1:colcon.colcon_core.package_identification:_identify(install) by extensions ['ignore', 'ignore_ament_install']
[0.167s] Level 1:colcon.colcon_core.package_identification:_identify(install) by extension 'ignore'
[0.167s] Level 1:colcon.colcon_core.package_identification:_identify(install) ignored
[0.167s] Level 1:colcon.colcon_core.package_identification:_identify(log) by extensions ['ignore', 'ignore_ament_install']
[0.167s] Level 1:colcon.colcon_core.package_identification:_identify(log) by extension 'ignore'
[0.167s] Level 1:colcon.colcon_core.package_identification:_identify(log) ignored
[0.167s] Level 1:colcon.colcon_core.package_identification:_identify(task1_armor_detection) by extensions ['ignore', 'ignore_ament_install']
[0.167s] Level 1:colcon.colcon_core.package_identification:_identify(task1_armor_detection) by extension 'ignore'
[0.167s] Level 1:colcon.colcon_core.package_identification:_identify(task1_armor_detection) by extension 'ignore_ament_install'
[0.167s] Level 1:colcon.colcon_core.package_identification:_identify(task1_armor_detection) by extensions ['colcon_pkg']
[0.167s] Level 1:colcon.colcon_core.package_identification:_identify(task1_armor_detection) by extension 'colcon_pkg'
[0.167s] Level 1:colcon.colcon_core.package_identification:_identify(task1_armor_detection) by extensions ['colcon_meta']
[0.167s] Level 1:colcon.colcon_core.package_identification:_identify(task1_armor_detection) by extension 'colcon_meta'
[0.167s] Level 1:colcon.colcon_core.package_identification:_identify(task1_armor_detection) by extensions ['ros']
[0.167s] Level 1:colcon.colcon_core.package_identification:_identify(task1_armor_detection) by extension 'ros'
[0.167s] Level 1:colcon.colcon_core.package_identification:_identify(task1_armor_detection) by extensions ['cmake', 'python']
[0.167s] Level 1:colcon.colcon_core.package_identification:_identify(task1_armor_detection) by extension 'cmake'
[0.167s] Level 1:colcon.colcon_core.package_identification:_identify(task1_armor_detection) by extension 'python'
[0.167s] Level 1:colcon.colcon_core.package_identification:_identify(task1_armor_detection) by extensions ['python_setup_py']
[0.167s] Level 1:colcon.colcon_core.package_identification:_identify(task1_armor_detection) by extension 'python_setup_py'
[0.167s] Level 1:colcon.colcon_core.package_identification:_identify(task1_armor_detection/rp24_nn) by extensions ['ignore', 'ignore_ament_install']
[0.167s] Level 1:colcon.colcon_core.package_identification:_identify(task1_armor_detection/rp24_nn) by extension 'ignore'
[0.167s] Level 1:colcon.colcon_core.package_identification:_identify(task1_armor_detection/rp24_nn) by extension 'ignore_ament_install'
[0.167s] Level 1:colcon.colcon_core.package_identification:_identify(task1_armor_detection/rp24_nn) by extensions ['colcon_pkg']
[0.167s] Level 1:colcon.colcon_core.package_identification:_identify(task1_armor_detection/rp24_nn) by extension 'colcon_pkg'
[0.167s] Level 1:colcon.colcon_core.package_identification:_identify(task1_armor_detection/rp24_nn) by extensions ['colcon_meta']
[0.167s] Level 1:colcon.colcon_core.package_identification:_identify(task1_armor_detection/rp24_nn) by extension 'colcon_meta'
[0.167s] Level 1:colcon.colcon_core.package_identification:_identify(task1_armor_detection/rp24_nn) by extensions ['ros']
[0.167s] Level 1:colcon.colcon_core.package_identification:_identify(task1_armor_detection/rp24_nn) by extension 'ros'
[0.167s] Level 1:colcon.colcon_core.package_identification:_identify(task1_armor_detection/rp24_nn) by extensions ['cmake', 'python']
[0.167s] Level 1:colcon.colcon_core.package_identification:_identify(task1_armor_detection/rp24_nn) by extension 'cmake'
[0.168s] Level 1:colcon.colcon_core.package_identification:_identify(task1_armor_detection/rp24_nn) by extension 'python'
[0.168s] DEBUG:colcon.colcon_core.package_identification:Package 'task1_armor_detection/rp24_nn' with type 'cmake' and name 'rp_detect'
[0.169s] Level 1:colcon.colcon_core.package_identification:_identify(task1_armor_detection/traditional_opencv) by extensions ['ignore', 'ignore_ament_install']
[0.169s] Level 1:colcon.colcon_core.package_identification:_identify(task1_armor_detection/traditional_opencv) by extension 'ignore'
[0.169s] Level 1:colcon.colcon_core.package_identification:_identify(task1_armor_detection/traditional_opencv) by extension 'ignore_ament_install'
[0.169s] Level 1:colcon.colcon_core.package_identification:_identify(task1_armor_detection/traditional_opencv) by extensions ['colcon_pkg']
[0.169s] Level 1:colcon.colcon_core.package_identification:_identify(task1_armor_detection/traditional_opencv) by extension 'colcon_pkg'
[0.169s] Level 1:colcon.colcon_core.package_identification:_identify(task1_armor_detection/traditional_opencv) by extensions ['colcon_meta']
[0.169s] Level 1:colcon.colcon_core.package_identification:_identify(task1_armor_detection/traditional_opencv) by extension 'colcon_meta'
[0.169s] Level 1:colcon.colcon_core.package_identification:_identify(task1_armor_detection/traditional_opencv) by extensions ['ros']
[0.169s] Level 1:colcon.colcon_core.package_identification:_identify(task1_armor_detection/traditional_opencv) by extension 'ros'
[0.169s] Level 1:colcon.colcon_core.package_identification:_identify(task1_armor_detection/traditional_opencv) by extensions ['cmake', 'python']
[0.169s] Level 1:colcon.colcon_core.package_identification:_identify(task1_armor_detection/traditional_opencv) by extension 'cmake'
[0.169s] Level 1:colcon.colcon_core.package_identification:_identify(task1_armor_detection/traditional_opencv) by extension 'python'
[0.169s] Level 1:colcon.colcon_core.package_identification:_identify(task1_armor_detection/traditional_opencv) by extensions ['python_setup_py']
[0.169s] Level 1:colcon.colcon_core.package_identification:_identify(task1_armor_detection/traditional_opencv) by extension 'python_setup_py'
[0.169s] Level 1:colcon.colcon_core.package_identification:_identify(task1_armor_detection/traditional_opencv/armor_detector) by extensions ['ignore', 'ignore_ament_install']
[0.169s] Level 1:colcon.colcon_core.package_identification:_identify(task1_armor_detection/traditional_opencv/armor_detector) by extension 'ignore'
[0.169s] Level 1:colcon.colcon_core.package_identification:_identify(task1_armor_detection/traditional_opencv/armor_detector) by extension 'ignore_ament_install'
[0.169s] Level 1:colcon.colcon_core.package_identification:_identify(task1_armor_detection/traditional_opencv/armor_detector) by extensions ['colcon_pkg']
[0.169s] Level 1:colcon.colcon_core.package_identification:_identify(task1_armor_detection/traditional_opencv/armor_detector) by extension 'colcon_pkg'
[0.169s] Level 1:colcon.colcon_core.package_identification:_identify(task1_armor_detection/traditional_opencv/armor_detector) by extensions ['colcon_meta']
[0.169s] Level 1:colcon.colcon_core.package_identification:_identify(task1_armor_detection/traditional_opencv/armor_detector) by extension 'colcon_meta'
[0.169s] Level 1:colcon.colcon_core.package_identification:_identify(task1_armor_detection/traditional_opencv/armor_detector) by extensions ['ros']
[0.169s] Level 1:colcon.colcon_core.package_identification:_identify(task1_armor_detection/traditional_opencv/armor_detector) by extension 'ros'
[0.169s] Level 1:colcon.colcon_core.package_identification:_identify(task1_armor_detection/traditional_opencv/armor_detector) by extensions ['cmake', 'python']
[0.169s] Level 1:colcon.colcon_core.package_identification:_identify(task1_armor_detection/traditional_opencv/armor_detector) by extension 'cmake'
[0.173s] Level 1:colcon.colcon_core.package_identification:_identify(task1_armor_detection/traditional_opencv/armor_detector) by extension 'python'
[0.173s] DEBUG:colcon.colcon_core.package_identification:Package 'task1_armor_detection/traditional_opencv/armor_detector' with type 'cmake' and name 'armor_detector'
[0.173s] Level 1:colcon.colcon_core.package_identification:_identify(task1_armor_detection/traditional_opencv/config) by extensions ['ignore', 'ignore_ament_install']
[0.173s] Level 1:colcon.colcon_core.package_identification:_identify(task1_armor_detection/traditional_opencv/config) by extension 'ignore'
[0.173s] Level 1:colcon.colcon_core.package_identification:_identify(task1_armor_detection/traditional_opencv/config) by extension 'ignore_ament_install'
[0.173s] Level 1:colcon.colcon_core.package_identification:_identify(task1_armor_detection/traditional_opencv/config) by extensions ['colcon_pkg']
[0.173s] Level 1:colcon.colcon_core.package_identification:_identify(task1_armor_detection/traditional_opencv/config) by extension 'colcon_pkg'
[0.173s] Level 1:colcon.colcon_core.package_identification:_identify(task1_armor_detection/traditional_opencv/config) by extensions ['colcon_meta']
[0.173s] Level 1:colcon.colcon_core.package_identification:_identify(task1_armor_detection/traditional_opencv/config) by extension 'colcon_meta'
[0.173s] Level 1:colcon.colcon_core.package_identification:_identify(task1_armor_detection/traditional_opencv/config) by extensions ['ros']
[0.173s] Level 1:colcon.colcon_core.package_identification:_identify(task1_armor_detection/traditional_opencv/config) by extension 'ros'
[0.173s] Level 1:colcon.colcon_core.package_identification:_identify(task1_armor_detection/traditional_opencv/config) by extensions ['cmake', 'python']
[0.173s] Level 1:colcon.colcon_core.package_identification:_identify(task1_armor_detection/traditional_opencv/config) by extension 'cmake'
[0.173s] Level 1:colcon.colcon_core.package_identification:_identify(task1_armor_detection/traditional_opencv/config) by extension 'python'
[0.173s] Level 1:colcon.colcon_core.package_identification:_identify(task1_armor_detection/traditional_opencv/config) by extensions ['python_setup_py']
[0.173s] Level 1:colcon.colcon_core.package_identification:_identify(task1_armor_detection/traditional_opencv/config) by extension 'python_setup_py'
[0.174s] Level 1:colcon.colcon_core.package_identification:_identify(task1_armor_detection/traditional_opencv/video_output) by extensions ['ignore', 'ignore_ament_install']
[0.174s] Level 1:colcon.colcon_core.package_identification:_identify(task1_armor_detection/traditional_opencv/video_output) by extension 'ignore'
[0.174s] Level 1:colcon.colcon_core.package_identification:_identify(task1_armor_detection/traditional_opencv/video_output) by extension 'ignore_ament_install'
[0.174s] Level 1:colcon.colcon_core.package_identification:_identify(task1_armor_detection/traditional_opencv/video_output) by extensions ['colcon_pkg']
[0.174s] Level 1:colcon.colcon_core.package_identification:_identify(task1_armor_detection/traditional_opencv/video_output) by extension 'colcon_pkg'
[0.174s] Level 1:colcon.colcon_core.package_identification:_identify(task1_armor_detection/traditional_opencv/video_output) by extensions ['colcon_meta']
[0.174s] Level 1:colcon.colcon_core.package_identification:_identify(task1_armor_detection/traditional_opencv/video_output) by extension 'colcon_meta'
[0.174s] Level 1:colcon.colcon_core.package_identification:_identify(task1_armor_detection/traditional_opencv/video_output) by extensions ['ros']
[0.174s] Level 1:colcon.colcon_core.package_identification:_identify(task1_armor_detection/traditional_opencv/video_output) by extension 'ros'
[0.174s] Level 1:colcon.colcon_core.package_identification:_identify(task1_armor_detection/traditional_opencv/video_output) by extensions ['cmake', 'python']
[0.174s] Level 1:colcon.colcon_core.package_identification:_identify(task1_armor_detection/traditional_opencv/video_output) by extension 'cmake'
[0.174s] Level 1:colcon.colcon_core.package_identification:_identify(task1_armor_detection/traditional_opencv/video_output) by extension 'python'
[0.174s] Level 1:colcon.colcon_core.package_identification:_identify(task1_armor_detection/traditional_opencv/video_output) by extensions ['python_setup_py']
[0.174s] Level 1:colcon.colcon_core.package_identification:_identify(task1_armor_detection/traditional_opencv/video_output) by extension 'python_setup_py'
[0.174s] Level 1:colcon.colcon_core.package_identification:_identify(task2_PnP) by extensions ['ignore', 'ignore_ament_install']
[0.174s] Level 1:colcon.colcon_core.package_identification:_identify(task2_PnP) by extension 'ignore'
[0.174s] Level 1:colcon.colcon_core.package_identification:_identify(task2_PnP) by extension 'ignore_ament_install'
[0.174s] Level 1:colcon.colcon_core.package_identification:_identify(task2_PnP) by extensions ['colcon_pkg']
[0.174s] Level 1:colcon.colcon_core.package_identification:_identify(task2_PnP) by extension 'colcon_pkg'
[0.174s] Level 1:colcon.colcon_core.package_identification:_identify(task2_PnP) by extensions ['colcon_meta']
[0.174s] Level 1:colcon.colcon_core.package_identification:_identify(task2_PnP) by extension 'colcon_meta'
[0.174s] Level 1:colcon.colcon_core.package_identification:_identify(task2_PnP) by extensions ['ros']
[0.174s] Level 1:colcon.colcon_core.package_identification:_identify(task2_PnP) by extension 'ros'
[0.174s] Level 1:colcon.colcon_core.package_identification:_identify(task2_PnP) by extensions ['cmake', 'python']
[0.174s] Level 1:colcon.colcon_core.package_identification:_identify(task2_PnP) by extension 'cmake'
[0.174s] Level 1:colcon.colcon_core.package_identification:_identify(task2_PnP) by extension 'python'
[0.174s] Level 1:colcon.colcon_core.package_identification:_identify(task2_PnP) by extensions ['python_setup_py']
[0.174s] Level 1:colcon.colcon_core.package_identification:_identify(task2_PnP) by extension 'python_setup_py'
[0.175s] Level 1:colcon.colcon_core.package_identification:_identify(task2_PnP/docs) by extensions ['ignore', 'ignore_ament_install']
[0.175s] Level 1:colcon.colcon_core.package_identification:_identify(task2_PnP/docs) by extension 'ignore'
[0.175s] Level 1:colcon.colcon_core.package_identification:_identify(task2_PnP/docs) by extension 'ignore_ament_install'
[0.175s] Level 1:colcon.colcon_core.package_identification:_identify(task2_PnP/docs) by extensions ['colcon_pkg']
[0.175s] Level 1:colcon.colcon_core.package_identification:_identify(task2_PnP/docs) by extension 'colcon_pkg'
[0.175s] Level 1:colcon.colcon_core.package_identification:_identify(task2_PnP/docs) by extensions ['colcon_meta']
[0.175s] Level 1:colcon.colcon_core.package_identification:_identify(task2_PnP/docs) by extension 'colcon_meta'
[0.175s] Level 1:colcon.colcon_core.package_identification:_identify(task2_PnP/docs) by extensions ['ros']
[0.175s] Level 1:colcon.colcon_core.package_identification:_identify(task2_PnP/docs) by extension 'ros'
[0.175s] Level 1:colcon.colcon_core.package_identification:_identify(task2_PnP/docs) by extensions ['cmake', 'python']
[0.175s] Level 1:colcon.colcon_core.package_identification:_identify(task2_PnP/docs) by extension 'cmake'
[0.175s] Level 1:colcon.colcon_core.package_identification:_identify(task2_PnP/docs) by extension 'python'
[0.175s] Level 1:colcon.colcon_core.package_identification:_identify(task2_PnP/docs) by extensions ['python_setup_py']
[0.175s] Level 1:colcon.colcon_core.package_identification:_identify(task2_PnP/docs) by extension 'python_setup_py'
[0.175s] Level 1:colcon.colcon_core.package_identification:_identify(task2_PnP/rp24_nn_pnp) by extensions ['ignore', 'ignore_ament_install']
[0.175s] Level 1:colcon.colcon_core.package_identification:_identify(task2_PnP/rp24_nn_pnp) by extension 'ignore'
[0.175s] Level 1:colcon.colcon_core.package_identification:_identify(task2_PnP/rp24_nn_pnp) by extension 'ignore_ament_install'
[0.175s] Level 1:colcon.colcon_core.package_identification:_identify(task2_PnP/rp24_nn_pnp) by extensions ['colcon_pkg']
[0.175s] Level 1:colcon.colcon_core.package_identification:_identify(task2_PnP/rp24_nn_pnp) by extension 'colcon_pkg'
[0.175s] Level 1:colcon.colcon_core.package_identification:_identify(task2_PnP/rp24_nn_pnp) by extensions ['colcon_meta']
[0.175s] Level 1:colcon.colcon_core.package_identification:_identify(task2_PnP/rp24_nn_pnp) by extension 'colcon_meta'
[0.175s] Level 1:colcon.colcon_core.package_identification:_identify(task2_PnP/rp24_nn_pnp) by extensions ['ros']
[0.175s] Level 1:colcon.colcon_core.package_identification:_identify(task2_PnP/rp24_nn_pnp) by extension 'ros'
[0.175s] Level 1:colcon.colcon_core.package_identification:_identify(task2_PnP/rp24_nn_pnp) by extensions ['cmake', 'python']
[0.175s] Level 1:colcon.colcon_core.package_identification:_identify(task2_PnP/rp24_nn_pnp) by extension 'cmake'
[0.179s] Level 1:colcon.colcon_core.package_identification:_identify(task2_PnP/rp24_nn_pnp) by extension 'python'
[0.179s] DEBUG:colcon.colcon_core.package_identification:Package 'task2_PnP/rp24_nn_pnp' with type 'cmake' and name 'rp_detect'
[0.179s] Level 1:colcon.colcon_core.package_identification:_identify(task3_KF) by extensions ['ignore', 'ignore_ament_install']
[0.179s] Level 1:colcon.colcon_core.package_identification:_identify(task3_KF) by extension 'ignore'
[0.179s] Level 1:colcon.colcon_core.package_identification:_identify(task3_KF) by extension 'ignore_ament_install'
[0.179s] Level 1:colcon.colcon_core.package_identification:_identify(task3_KF) by extensions ['colcon_pkg']
[0.179s] Level 1:colcon.colcon_core.package_identification:_identify(task3_KF) by extension 'colcon_pkg'
[0.179s] Level 1:colcon.colcon_core.package_identification:_identify(task3_KF) by extensions ['colcon_meta']
[0.179s] Level 1:colcon.colcon_core.package_identification:_identify(task3_KF) by extension 'colcon_meta'
[0.179s] Level 1:colcon.colcon_core.package_identification:_identify(task3_KF) by extensions ['ros']
[0.179s] Level 1:colcon.colcon_core.package_identification:_identify(task3_KF) by extension 'ros'
[0.179s] Level 1:colcon.colcon_core.package_identification:_identify(task3_KF) by extensions ['cmake', 'python']
[0.179s] Level 1:colcon.colcon_core.package_identification:_identify(task3_KF) by extension 'cmake'
[0.179s] Level 1:colcon.colcon_core.package_identification:_identify(task3_KF) by extension 'python'
[0.179s] Level 1:colcon.colcon_core.package_identification:_identify(task3_KF) by extensions ['python_setup_py']
[0.179s] Level 1:colcon.colcon_core.package_identification:_identify(task3_KF) by extension 'python_setup_py'
[0.179s] Level 1:colcon.colcon_core.package_identification:_identify(task3_KF/armor_interfaces) by extensions ['ignore', 'ignore_ament_install']
[0.179s] Level 1:colcon.colcon_core.package_identification:_identify(task3_KF/armor_interfaces) by extension 'ignore'
[0.179s] Level 1:colcon.colcon_core.package_identification:_identify(task3_KF/armor_interfaces) by extension 'ignore_ament_install'
[0.179s] Level 1:colcon.colcon_core.package_identification:_identify(task3_KF/armor_interfaces) by extensions ['colcon_pkg']
[0.179s] Level 1:colcon.colcon_core.package_identification:_identify(task3_KF/armor_interfaces) by extension 'colcon_pkg'
[0.180s] Level 1:colcon.colcon_core.package_identification:_identify(task3_KF/armor_interfaces) by extensions ['colcon_meta']
[0.180s] Level 1:colcon.colcon_core.package_identification:_identify(task3_KF/armor_interfaces) by extension 'colcon_meta'
[0.180s] Level 1:colcon.colcon_core.package_identification:_identify(task3_KF/armor_interfaces) by extensions ['ros']
[0.180s] Level 1:colcon.colcon_core.package_identification:_identify(task3_KF/armor_interfaces) by extension 'ros'
[0.181s] DEBUG:colcon.colcon_core.package_identification:Package 'task3_KF/armor_interfaces' with type 'ros.ament_cmake' and name 'armor_interfaces'
[0.182s] Level 1:colcon.colcon_core.package_identification:_identify(task3_KF/build) by extensions ['ignore', 'ignore_ament_install']
[0.182s] Level 1:colcon.colcon_core.package_identification:_identify(task3_KF/build) by extension 'ignore'
[0.182s] Level 1:colcon.colcon_core.package_identification:_identify(task3_KF/build) ignored
[0.182s] Level 1:colcon.colcon_core.package_identification:_identify(task3_KF/detector) by extensions ['ignore', 'ignore_ament_install']
[0.182s] Level 1:colcon.colcon_core.package_identification:_identify(task3_KF/detector) by extension 'ignore'
[0.182s] Level 1:colcon.colcon_core.package_identification:_identify(task3_KF/detector) by extension 'ignore_ament_install'
[0.182s] Level 1:colcon.colcon_core.package_identification:_identify(task3_KF/detector) by extensions ['colcon_pkg']
[0.182s] Level 1:colcon.colcon_core.package_identification:_identify(task3_KF/detector) by extension 'colcon_pkg'
[0.182s] Level 1:colcon.colcon_core.package_identification:_identify(task3_KF/detector) by extensions ['colcon_meta']
[0.182s] Level 1:colcon.colcon_core.package_identification:_identify(task3_KF/detector) by extension 'colcon_meta'
[0.182s] Level 1:colcon.colcon_core.package_identification:_identify(task3_KF/detector) by extensions ['ros']
[0.182s] Level 1:colcon.colcon_core.package_identification:_identify(task3_KF/detector) by extension 'ros'
[0.183s] DEBUG:colcon.colcon_core.package_identification:Package 'task3_KF/detector' with type 'ros.ament_cmake' and name 'detector'
[0.183s] Level 1:colcon.colcon_core.package_identification:_identify(task3_KF/install) by extensions ['ignore', 'ignore_ament_install']
[0.183s] Level 1:colcon.colcon_core.package_identification:_identify(task3_KF/install) by extension 'ignore'
[0.183s] Level 1:colcon.colcon_core.package_identification:_identify(task3_KF/install) ignored
[0.183s] Level 1:colcon.colcon_core.package_identification:_identify(task3_KF/log) by extensions ['ignore', 'ignore_ament_install']
[0.183s] Level 1:colcon.colcon_core.package_identification:_identify(task3_KF/log) by extension 'ignore'
[0.183s] Level 1:colcon.colcon_core.package_identification:_identify(task3_KF/log) ignored
[0.183s] Level 1:colcon.colcon_core.package_identification:_identify(task3_KF/scripts) by extensions ['ignore', 'ignore_ament_install']
[0.183s] Level 1:colcon.colcon_core.package_identification:_identify(task3_KF/scripts) by extension 'ignore'
[0.184s] Level 1:colcon.colcon_core.package_identification:_identify(task3_KF/scripts) by extension 'ignore_ament_install'
[0.184s] Level 1:colcon.colcon_core.package_identification:_identify(task3_KF/scripts) by extensions ['colcon_pkg']
[0.184s] Level 1:colcon.colcon_core.package_identification:_identify(task3_KF/scripts) by extension 'colcon_pkg'
[0.184s] Level 1:colcon.colcon_core.package_identification:_identify(task3_KF/scripts) by extensions ['colcon_meta']
[0.184s] Level 1:colcon.colcon_core.package_identification:_identify(task3_KF/scripts) by extension 'colcon_meta'
[0.184s] Level 1:colcon.colcon_core.package_identification:_identify(task3_KF/scripts) by extensions ['ros']
[0.184s] Level 1:colcon.colcon_core.package_identification:_identify(task3_KF/scripts) by extension 'ros'
[0.184s] Level 1:colcon.colcon_core.package_identification:_identify(task3_KF/scripts) by extensions ['cmake', 'python']
[0.184s] Level 1:colcon.colcon_core.package_identification:_identify(task3_KF/scripts) by extension 'cmake'
[0.184s] Level 1:colcon.colcon_core.package_identification:_identify(task3_KF/scripts) by extension 'python'
[0.184s] Level 1:colcon.colcon_core.package_identification:_identify(task3_KF/scripts) by extensions ['python_setup_py']
[0.184s] Level 1:colcon.colcon_core.package_identification:_identify(task3_KF/scripts) by extension 'python_setup_py'
[0.184s] Level 1:colcon.colcon_core.package_identification:_identify(task3_KF/scripts/__pycache__) by extensions ['ignore', 'ignore_ament_install']
[0.184s] Level 1:colcon.colcon_core.package_identification:_identify(task3_KF/scripts/__pycache__) by extension 'ignore'
[0.184s] Level 1:colcon.colcon_core.package_identification:_identify(task3_KF/scripts/__pycache__) by extension 'ignore_ament_install'
[0.184s] Level 1:colcon.colcon_core.package_identification:_identify(task3_KF/scripts/__pycache__) by extensions ['colcon_pkg']
[0.184s] Level 1:colcon.colcon_core.package_identification:_identify(task3_KF/scripts/__pycache__) by extension 'colcon_pkg'
[0.184s] Level 1:colcon.colcon_core.package_identification:_identify(task3_KF/scripts/__pycache__) by extensions ['colcon_meta']
[0.184s] Level 1:colcon.colcon_core.package_identification:_identify(task3_KF/scripts/__pycache__) by extension 'colcon_meta'
[0.184s] Level 1:colcon.colcon_core.package_identification:_identify(task3_KF/scripts/__pycache__) by extensions ['ros']
[0.184s] Level 1:colcon.colcon_core.package_identification:_identify(task3_KF/scripts/__pycache__) by extension 'ros'
[0.184s] Level 1:colcon.colcon_core.package_identification:_identify(task3_KF/scripts/__pycache__) by extensions ['cmake', 'python']
[0.184s] Level 1:colcon.colcon_core.package_identification:_identify(task3_KF/scripts/__pycache__) by extension 'cmake'
[0.184s] Level 1:colcon.colcon_core.package_identification:_identify(task3_KF/scripts/__pycache__) by extension 'python'
[0.184s] Level 1:colcon.colcon_core.package_identification:_identify(task3_KF/scripts/__pycache__) by extensions ['python_setup_py']
[0.184s] Level 1:colcon.colcon_core.package_identification:_identify(task3_KF/scripts/__pycache__) by extension 'python_setup_py'
[0.184s] Level 1:colcon.colcon_core.package_identification:_identify(task3_KF/tracker) by extensions ['ignore', 'ignore_ament_install']
[0.184s] Level 1:colcon.colcon_core.package_identification:_identify(task3_KF/tracker) by extension 'ignore'
[0.184s] Level 1:colcon.colcon_core.package_identification:_identify(task3_KF/tracker) by extension 'ignore_ament_install'
[0.184s] Level 1:colcon.colcon_core.package_identification:_identify(task3_KF/tracker) by extensions ['colcon_pkg']
[0.184s] Level 1:colcon.colcon_core.package_identification:_identify(task3_KF/tracker) by extension 'colcon_pkg'
[0.184s] Level 1:colcon.colcon_core.package_identification:_identify(task3_KF/tracker) by extensions ['colcon_meta']
[0.184s] Level 1:colcon.colcon_core.package_identification:_identify(task3_KF/tracker) by extension 'colcon_meta'
[0.184s] Level 1:colcon.colcon_core.package_identification:_identify(task3_KF/tracker) by extensions ['ros']
[0.184s] Level 1:colcon.colcon_core.package_identification:_identify(task3_KF/tracker) by extension 'ros'
[0.185s] DEBUG:colcon.colcon_core.package_identification:Package 'task3_KF/tracker' with type 'ros.ament_cmake' and name 'tracker'
[0.185s] Level 1:colcon.colcon_core.package_identification:_identify(task3_KF/video_output) by extensions ['ignore', 'ignore_ament_install']
[0.185s] Level 1:colcon.colcon_core.package_identification:_identify(task3_KF/video_output) by extension 'ignore'
[0.185s] Level 1:colcon.colcon_core.package_identification:_identify(task3_KF/video_output) by extension 'ignore_ament_install'
[0.185s] Level 1:colcon.colcon_core.package_identification:_identify(task3_KF/video_output) by extensions ['colcon_pkg']
[0.185s] Level 1:colcon.colcon_core.package_identification:_identify(task3_KF/video_output) by extension 'colcon_pkg'
[0.185s] Level 1:colcon.colcon_core.package_identification:_identify(task3_KF/video_output) by extensions ['colcon_meta']
[0.185s] Level 1:colcon.colcon_core.package_identification:_identify(task3_KF/video_output) by extension 'colcon_meta'
[0.185s] Level 1:colcon.colcon_core.package_identification:_identify(task3_KF/video_output) by extensions ['ros']
[0.185s] Level 1:colcon.colcon_core.package_identification:_identify(task3_KF/video_output) by extension 'ros'
[0.185s] Level 1:colcon.colcon_core.package_identification:_identify(task3_KF/video_output) by extensions ['cmake', 'python']
[0.185s] Level 1:colcon.colcon_core.package_identification:_identify(task3_KF/video_output) by extension 'cmake'
[0.185s] Level 1:colcon.colcon_core.package_identification:_identify(task3_KF/video_output) by extension 'python'
[0.185s] Level 1:colcon.colcon_core.package_identification:_identify(task3_KF/video_output) by extensions ['python_setup_py']
[0.186s] Level 1:colcon.colcon_core.package_identification:_identify(task3_KF/video_output) by extension 'python_setup_py'
[0.186s] Level 1:colcon.colcon_core.package_identification:_identify(video_input) by extensions ['ignore', 'ignore_ament_install']
[0.186s] Level 1:colcon.colcon_core.package_identification:_identify(video_input) by extension 'ignore'
[0.186s] Level 1:colcon.colcon_core.package_identification:_identify(video_input) by extension 'ignore_ament_install'
[0.186s] Level 1:colcon.colcon_core.package_identification:_identify(video_input) by extensions ['colcon_pkg']
[0.186s] Level 1:colcon.colcon_core.package_identification:_identify(video_input) by extension 'colcon_pkg'
[0.186s] Level 1:colcon.colcon_core.package_identification:_identify(video_input) by extensions ['colcon_meta']
[0.186s] Level 1:colcon.colcon_core.package_identification:_identify(video_input) by extension 'colcon_meta'
[0.186s] Level 1:colcon.colcon_core.package_identification:_identify(video_input) by extensions ['ros']
[0.186s] Level 1:colcon.colcon_core.package_identification:_identify(video_input) by extension 'ros'
[0.186s] Level 1:colcon.colcon_core.package_identification:_identify(video_input) by extensions ['cmake', 'python']
[0.186s] Level 1:colcon.colcon_core.package_identification:_identify(video_input) by extension 'cmake'
[0.186s] Level 1:colcon.colcon_core.package_identification:_identify(video_input) by extension 'python'
[0.186s] Level 1:colcon.colcon_core.package_identification:_identify(video_input) by extensions ['python_setup_py']
[0.186s] Level 1:colcon.colcon_core.package_identification:_identify(video_input) by extension 'python_setup_py'
[0.186s] Level 1:colcon.colcon_core.package_discovery:discover_packages(recursive) using defaults
[0.186s] Level 1:colcon.colcon_core.package_discovery:discover_packages(ignore) discover
[0.186s] Level 1:colcon.colcon_core.package_discovery:discover_packages(ignore) using defaults
[0.186s] Level 1:colcon.colcon_core.package_discovery:discover_packages(path) discover
[0.186s] Level 1:colcon.colcon_core.package_discovery:discover_packages(path) using defaults
[0.199s] INFO:colcon.colcon_core.package_selection:Skipping not selected package 'armor_detector' in 'task1_armor_detection/traditional_opencv/armor_detector'
[0.200s] INFO:colcon.colcon_core.package_selection:Skipping not selected package 'armor_interfaces' in 'task3_KF/armor_interfaces'
[0.200s] INFO:colcon.colcon_core.package_selection:Skipping not selected package 'rp_detect' in 'task1_armor_detection/rp24_nn'
[0.200s] INFO:colcon.colcon_core.package_selection:Skipping not selected package 'rp_detect' in 'task2_PnP/rp24_nn_pnp'
[0.200s] INFO:colcon.colcon_core.package_selection:Skipping not selected package 'detector' in 'task3_KF/detector'
[0.200s] Level 1:colcon.colcon_core.package_discovery:discover_packages(prefix_path) check parameters
[0.200s] Level 1:colcon.colcon_core.package_discovery:discover_packages(prefix_path) discover
[0.201s] DEBUG:colcon.colcon_installed_package_information.package_discovery:Found 1 installed packages in /home/samurai/Workspaces/27-vision-dev/install
[0.202s] DEBUG:colcon.colcon_installed_package_information.package_discovery:Found 5 installed packages in /home/samurai/Workspaces/ws01_plumbing/install
[0.203s] DEBUG:colcon.colcon_installed_package_information.package_discovery:Found 275 installed packages in /opt/ros/humble
[0.214s] Level 1:colcon.colcon_core.package_discovery:discover_packages(prefix_path) using defaults
[0.236s] Level 5:colcon.colcon_core.verb:set package 'tracker' build argument 'cmake_args' from command line to 'None'
[0.237s] Level 5:colcon.colcon_core.verb:set package 'tracker' build argument 'cmake_target' from command line to 'None'
[0.237s] Level 5:colcon.colcon_core.verb:set package 'tracker' build argument 'cmake_target_skip_unavailable' from command line to 'False'
[0.237s] Level 5:colcon.colcon_core.verb:set package 'tracker' build argument 'cmake_clean_cache' from command line to 'False'
[0.237s] Level 5:colcon.colcon_core.verb:set package 'tracker' build argument 'cmake_clean_first' from command line to 'False'
[0.237s] Level 5:colcon.colcon_core.verb:set package 'tracker' build argument 'cmake_force_configure' from command line to 'False'
[0.237s] Level 5:colcon.colcon_core.verb:set package 'tracker' build argument 'ament_cmake_args' from command line to 'None'
[0.237s] Level 5:colcon.colcon_core.verb:set package 'tracker' build argument 'catkin_cmake_args' from command line to 'None'
[0.237s] Level 5:colcon.colcon_core.verb:set package 'tracker' build argument 'catkin_skip_building_tests' from command line to 'False'
[0.237s] DEBUG:colcon.colcon_core.verb:Building package 'tracker' with the following arguments: {'ament_cmake_args': None, 'build_base': '/home/samurai/Workspaces/27-vision-dev/build/tracker', 'catkin_cmake_args': None, 'catkin_skip_building_tests': False, 'cmake_args': None, 'cmake_clean_cache': False, 'cmake_clean_first': False, 'cmake_force_configure': False, 'cmake_target': None, 'cmake_target_skip_unavailable': False, 'install_base': '/home/samurai/Workspaces/27-vision-dev/install/tracker', 'merge_install': False, 'path': '/home/samurai/Workspaces/27-vision-dev/task3_KF/tracker', 'symlink_install': False, 'test_result_base': None}
[0.237s] INFO:colcon.colcon_core.executor:Executing jobs using 'parallel' executor
[0.238s] DEBUG:colcon.colcon_parallel_executor.executor.parallel:run_until_complete
[0.238s] INFO:colcon.colcon_ros.task.ament_cmake.build:Building ROS package in '/home/samurai/Workspaces/27-vision-dev/task3_KF/tracker' with build type 'ament_cmake'
[0.238s] INFO:colcon.colcon_cmake.task.cmake.build:Building CMake package in '/home/samurai/Workspaces/27-vision-dev/task3_KF/tracker'
[0.240s] INFO:colcon.colcon_core.plugin_system:Skipping extension 'colcon_core.shell.bat': Not used on non-Windows systems
[0.240s] INFO:colcon.colcon_core.shell:Skip shell extension 'powershell' for command environment: Not usable outside of PowerShell
[0.240s] DEBUG:colcon.colcon_core.shell:Skip shell extension 'dsv' for command environment
[0.241s] ERROR:colcon.colcon_cmake.task.cmake.build:Failed to find the following files:
- /home/samurai/Workspaces/27-vision-dev/install/armor_interfaces/share/armor_interfaces/package.sh
Check that the following packages have been built:
- armor_interfaces
[0.241s] Level 1:colcon.colcon_core.environment:create_environment_scripts_only(tracker)
[0.243s] Level 1:colcon.colcon_core.environment:checking '/home/samurai/Workspaces/27-vision-dev/install/tracker' for CMake module files
[0.243s] Level 1:colcon.colcon_core.environment:checking '/home/samurai/Workspaces/27-vision-dev/install/tracker' for CMake config files
[0.243s] Level 1:colcon.colcon_core.environment:checking '/home/samurai/Workspaces/27-vision-dev/install/tracker/bin'
[0.243s] Level 1:colcon.colcon_core.environment:checking '/home/samurai/Workspaces/27-vision-dev/install/tracker/lib/pkgconfig/tracker.pc'
[0.243s] Level 1:colcon.colcon_core.environment:checking '/home/samurai/Workspaces/27-vision-dev/install/tracker/lib/python3.10/site-packages'
[0.243s] Level 1:colcon.colcon_core.environment:checking '/home/samurai/Workspaces/27-vision-dev/install/tracker/bin'
[0.244s] INFO:colcon.colcon_core.shell:Creating package script '/home/samurai/Workspaces/27-vision-dev/install/tracker/share/tracker/package.ps1'
[0.245s] INFO:colcon.colcon_core.shell:Creating package descriptor '/home/samurai/Workspaces/27-vision-dev/install/tracker/share/tracker/package.dsv'
[0.245s] INFO:colcon.colcon_core.shell:Creating package script '/home/samurai/Workspaces/27-vision-dev/install/tracker/share/tracker/package.sh'
[0.245s] INFO:colcon.colcon_core.shell:Creating package script '/home/samurai/Workspaces/27-vision-dev/install/tracker/share/tracker/package.bash'
[0.246s] INFO:colcon.colcon_core.shell:Creating package script '/home/samurai/Workspaces/27-vision-dev/install/tracker/share/tracker/package.zsh'
[0.246s] Level 1:colcon.colcon_core.environment:create_file_with_runtime_dependencies(/home/samurai/Workspaces/27-vision-dev/install/tracker/share/colcon-core/packages/tracker)
[0.257s] DEBUG:colcon.colcon_parallel_executor.executor.parallel:closing loop
[0.257s] DEBUG:colcon.colcon_parallel_executor.executor.parallel:loop closed
[0.257s] DEBUG:colcon.colcon_parallel_executor.executor.parallel:run_until_complete finished with '1'
[0.257s] DEBUG:colcon.colcon_core.event_reactor:joining thread
[0.261s] INFO:colcon.colcon_core.plugin_system:Skipping extension 'colcon_notification.desktop_notification.terminal_notifier': Not used on non-Darwin systems
[0.261s] INFO:colcon.colcon_core.plugin_system:Skipping extension 'colcon_notification.desktop_notification.win32': Not used on non-Windows systems
[0.261s] INFO:colcon.colcon_notification.desktop_notification:Sending desktop notification using 'notify2'
[0.272s] DEBUG:colcon.colcon_core.event_reactor:joined thread
[0.272s] INFO:colcon.colcon_core.shell:Creating prefix script '/home/samurai/Workspaces/27-vision-dev/install/local_setup.ps1'
[0.273s] INFO:colcon.colcon_core.shell:Creating prefix util module '/home/samurai/Workspaces/27-vision-dev/install/_local_setup_util_ps1.py'
[0.274s] INFO:colcon.colcon_core.shell:Creating prefix chain script '/home/samurai/Workspaces/27-vision-dev/install/setup.ps1'
[0.275s] INFO:colcon.colcon_core.shell:Creating prefix script '/home/samurai/Workspaces/27-vision-dev/install/local_setup.sh'
[0.275s] INFO:colcon.colcon_core.shell:Creating prefix util module '/home/samurai/Workspaces/27-vision-dev/install/_local_setup_util_sh.py'
[0.275s] INFO:colcon.colcon_core.shell:Creating prefix chain script '/home/samurai/Workspaces/27-vision-dev/install/setup.sh'
[0.276s] INFO:colcon.colcon_core.shell:Creating prefix script '/home/samurai/Workspaces/27-vision-dev/install/local_setup.bash'
[0.277s] INFO:colcon.colcon_core.shell:Creating prefix chain script '/home/samurai/Workspaces/27-vision-dev/install/setup.bash'
[0.277s] INFO:colcon.colcon_core.shell:Creating prefix script '/home/samurai/Workspaces/27-vision-dev/install/local_setup.zsh'
[0.278s] INFO:colcon.colcon_core.shell:Creating prefix chain script '/home/samurai/Workspaces/27-vision-dev/install/setup.zsh'
